<tag>
</tag><b />
<t value="string<!-- no comment -->" />
